# The gallery-capture pass on Nelim's tribe (fixture Nelims-tribe.rws from PickleTools, copied into Fixtures, not committed).
# The sanctuary names its places, StageDecor places and removes the set, ScreenshotMode frames the windows, InspectTabs opens
# the Health tab. Image 6 of 11-workshop-captures needs A Dog Said... Animal Prosthetics 2, so the one pass holds the whole
# series (2026-10-06). The order is written on purpose, as in wsl-deps.avec-ads2.map: the mod under test is named by its own
# packageId so that it loads ahead of ADS2, as its loadBefore asks.
# Bodies and clothes (Virginie 2026-10-07: no vanilla body for the staged colonist). FBV and FAV before WDI, else the female thin/fat/hulk bodies are wrong (VTW).
tiagocc0.FemaleBodyVariants           3798082132
tiagocc0.FemaleApparelVariants        3799726535
wdi.realistic.bodies                  3527486510
ab.vplrf                              2986402536
nelim.venustouch.waistlines           path:VenusTouchWaistlines/Mod
nelim.pickletools.screenshotstudio    path:PickleTools/ScreenshotStudio/Mod
nelim.pickletools.camerazoom          path:PickleTools/CameraZoom/Mod
nelim.pickletools.stagedecor          path:PickleTools/StageDecor/Mod
nelim.pickletools.inspecttabs         path:PickleTools/InspectTabs/Mod
nelim.pickletools.screenshotmode      path:PickleTools/ScreenshotMode/Mod
nelim.pickletools.clickdiagnostics    path:PickleTools/ClickDiagnostics/Mod
nelim.pickletools.colonistrace        path:PickleTools/ColonistRace/Mod
nelim.creaturesofki                   path:CreaturesOfKiRenew/Mod
SamBucher.ADogSaidAnimalProsthetics2  3238353862
Mlie.StickLantern                    2024351846
Animal.BedsNew                      3107972819
